[benjaminrighetti.com/index.html]
[backblue.gif]
[fade.gif]
[index.html]
[benjaminrighetti.com/t/HelveticaNowDisplay-Bold.woff2]
[benjaminrighetti.com/t/HelveticaNowDisplay-Bold.woff]
[benjaminrighetti.com/t/HelveticaNowDisplay-Medium.woff2]
[benjaminrighetti.com/t/HelveticaNowDisplay-Medium.woff]
[benjaminrighetti.com/t/HelveticaNowDisplay-Regular.woff2]
[benjaminrighetti.com/t/HelveticaNowDisplay-Regular.woff]
[benjaminrighetti.com/img/favicon.png]
[benjaminrighetti.com/img/dots.svg]
[benjaminrighetti.com/img/fb.jpg]
[benjaminrighetti.com/img/cover.jpg]
[benjaminrighetti.com/img/slider/1.jpg]
[benjaminrighetti.com/img/slider/2b.jpg]
[benjaminrighetti.com/img/slider/3b.jpg]
[benjaminrighetti.com/img/slider/4b.jpg]
[benjaminrighetti.com/img/orgue.jpg]
[benjaminrighetti.com/img/fleche.svg]
[benjaminrighetti.com/img/cover1.png]
[benjaminrighetti.com/img/organopole.svg]
[benjaminrighetti.com/img/orgue/orgue3.jpg]
[benjaminrighetti.com/img/orgue/orgue1.jpg]
[benjaminrighetti.com/img/orgue/orgue4.jpg]
[benjaminrighetti.com/img/orgue/orgue2.jpg]
[benjaminrighetti.com/img/portrait.jpg]
[benjaminrighetti.com/img/cover2.png]
[benjaminrighetti.com/img/miroir.jpg]
[benjaminrighetti.com/img/cercle.svg]
[benjaminrighetti.com/img/author.jpg]
[benjaminrighetti.com/events.html]
[benjaminrighetti.com/bio.html]
[benjaminrighetti.com/abr.pdf]
[benjaminrighetti.com/img/right.svg]
[benjaminrighetti.com/mp3/loop1.mp3]
[benjaminrighetti.com/mp3/loop2.mp3]
[benjaminrighetti.com/pulsometer/index.html]
[benjaminrighetti.com/mp3/loop3.mp3]
[benjaminrighetti.com/mp3/loop4.mp3]
[benjaminrighetti.com/index.html]
[benjaminrighetti.com/img/dots.svg]
[benjaminrighetti.com/img/fleche.svg]
[benjaminrighetti.com/img/organopole.svg]
[benjaminrighetti.com/img/cercle.svg]
[benjaminrighetti.com/js/app1a0c.js]
[benjaminrighetti.com/events.html]
[benjaminrighetti.com/bio.html]
[benjaminrighetti.com/style.css]
[benjaminrighetti.com/pulsometer/js/app.5d1e2b7e.js]
[benjaminrighetti.com/pulsometer/js/chunk-vendors.d18d8183.js]
[benjaminrighetti.com/pulsometer/index.html]
[benjaminrighetti.com/img/right.svg]
[benjaminrighetti.com/style.css]
[benjaminrighetti.com/pulsometer/manifest.json]
